<?xml version="1.0" encoding="utf-8"?><testsuites name="pytest tests"><testsuite name="pytest" errors="0" failures="0" skipped="0" tests="211" time="22.635" timestamp="2026-10-04T18:20:57.584946+00:00" hostname="runnervm8df0l"><properties><property name="hypothesis-statistics-tests/unit/test_invariants.py::test_terminal_state_cannot_be_reactivated" value="dGVzdHMvdW5pdC90ZXN0X2ludmFyaWFudHMucHk6OnRlc3RfdGVybWluYWxfc3RhdGVfY2Fubm90X2JlX3JlYWN0aXZhdGVkOgoKICAtIGR1cmluZyBnZW5lcmF0ZSBwaGFzZSAoMC4yMiBzZWNvbmRzKToKICAgIC0gVHlwaWNhbCBydW50aW1lczogfiAwLTEgbXMsIG9mIHdoaWNoIDwgMW1zIGluIGRhdGEgZ2VuZXJhdGlvbgogICAgLSAyNyBwYXNzaW5nLCAwIGZhaWxpbmcsIGFuZCAwIGludmFsaWQgdGVzdCBjYXNlcwoKICAtIFN0b3BwZWQgYmVjYXVzZSBub3RoaW5nIGxlZnQgdG8gZG8=" /><property name="hypothesis-statistics-tests/unit/test_invariants.py::test_fingerprint_is_independent_of_key_order" value="dGVzdHMvdW5pdC90ZXN0X2ludmFyaWFudHMucHk6OnRlc3RfZmluZ2VycHJpbnRfaXNfaW5kZXBlbmRlbnRfb2Zfa2V5X29yZGVyOgoKICAtIGR1cmluZyBnZW5lcmF0ZSBwaGFzZSAoMC4zNSBzZWNvbmRzKToKICAgIC0gVHlwaWNhbCBydW50aW1lczogfiAwLTMgbXMsIG9mIHdoaWNoIH4gMC0zIG1zIGluIGRhdGEgZ2VuZXJhdGlvbgogICAgLSAxMDAgcGFzc2luZywgMCBmYWlsaW5nLCBhbmQgMTUgaW52YWxpZCB0ZXN0IGNhc2VzCiAgICAtIEV2ZW50czoKICAgICAgKiA1Ni41MiUsIFJldHJpZWQgZHJhdyBmcm9tIHRleHQoY2hhcmFjdGVycyhjb2RlYz0ndXRmLTgnKSwgbWluX3NpemU9MSwgbWF4X3NpemU9MTApLmZpbHRlcihub3RfeWV0X2luX3VuaXF1ZV9saXN0KSB0byBzYXRpc2Z5IGZpbHRlcgoKICAtIFN0b3BwZWQgYmVjYXVzZSBzZXR0aW5ncy5tYXhfZXhhbXBsZXM9MTAw" /></properties><testcase classname="tests.concurrency.test_ownership" name="test_twenty_duplicate_requests_have_one_identity_and_creation_event" time="1.582" /><testcase classname="tests.concurrency.test_ownership" name="test_twenty_workers_cannot_own_same_lease" time="0.613" /><testcase classname="tests.concurrency.test_ownership" name="test_concurrent_advance_produces_one_external_write" time="0.704" /><testcase classname="tests.concurrency.test_ownership" name="test_stale_owner_cannot_complete_or_renew_work" time="0.153" /><testcase classname="tests.concurrency.test_ownership" name="test_expired_worker_can_send_late_but_absent_lookup_never_authorizes_replay" time="0.269" /><testcase classname="tests.concurrency.test_ownership" name="test_approval_decisions_race_atomically" time="0.192" /><testcase classname="tests.contract.test_api" name="test_http_statuses_openapi_and_metrics" time="0.448" /><testcase classname="tests.contract.test_api" name="test_invalid_and_missing_resource_errors[/executions/not-a-uuid]" time="0.094" /><testcase classname="tests.contract.test_api" name="test_invalid_and_missing_resource_errors[/executions/501ace31-609d-44c5-a02b-d709a3e80988]" time="0.099" /><testcase classname="tests.contract.test_api" name="test_database_outage_returns_unavailable_and_no_false_success" time="0.096" /><testcase classname="tests.contract.test_api" name="test_invalid_correlation_identifier_is_rejected" time="0.091" /><testcase classname="tests.contract.test_api" name="test_readiness_rejects_missing_model_and_tool_configuration" time="0.102" /><testcase classname="tests.contract.test_http_boundary" name="test_untrusted_upstream_response_has_size_limit" time="0.004" /><testcase classname="tests.contract.test_http_boundary" name="test_upstream_redirect_never_followed" time="0.004" /><testcase classname="tests.contract.test_providers" name="test_native_function_call_decodes_into_typed_contract" time="0.001" /><testcase classname="tests.contract.test_providers" name="test_provider_malformed_envelopes_fail_closed[malformed]" time="0.002" /><testcase classname="tests.contract.test_providers" name="test_provider_malformed_envelopes_fail_closed[two_calls]" time="0.001" /><testcase classname="tests.contract.test_providers" name="test_provider_malformed_envelopes_fail_closed[incomplete]" time="0.001" /><testcase classname="tests.contract.test_providers" name="test_provider_malformed_envelopes_fail_closed[missing_usage]" time="0.001" /><testcase classname="tests.contract.test_providers" name="test_provider_malformed_envelopes_fail_closed[negative_usage]" time="0.001" /><testcase classname="tests.contract.test_providers" name="test_provider_malformed_envelopes_fail_closed[malformed_arguments]" time="0.001" /><testcase classname="tests.contract.test_providers" name="test_provider_malformed_envelopes_fail_closed[empty_final]" time="0.001" /><testcase classname="tests.contract.test_providers" name="test_native_terminal_content[output_text]" time="0.001" /><testcase classname="tests.contract.test_providers" name="test_native_terminal_content[refusal]" time="0.001" /><testcase classname="tests.contract.test_providers" name="test_missing_credentials_never_calls_network" time="0.006" /><testcase classname="tests.contract.test_providers" name="test_request_configuration_is_fixed_and_bounded" time="0.005" /><testcase classname="tests.contract.test_providers" name="test_provider_http_errors[429-rate_limited]" time="0.006" /><testcase classname="tests.contract.test_providers" name="test_provider_http_errors[500-provider_unavailable]" time="0.006" /><testcase classname="tests.contract.test_providers" name="test_provider_http_errors[400-provider_invalid_request]" time="0.006" /><testcase classname="tests.contract.test_providers" name="test_provider_timeout_is_classified" time="0.006" /><testcase classname="tests.evals.test_contract_evals" name="test_runtime_contract_regression[correct_tool_selection]" time="0.166" /><testcase classname="tests.evals.test_contract_evals" name="test_runtime_contract_regression[no_tool_required]" time="0.127" /><testcase classname="tests.evals.test_contract_evals" name="test_runtime_contract_regression[malformed_output]" time="0.128" /><testcase classname="tests.evals.test_contract_evals" name="test_runtime_contract_regression[unauthorized_tool]" time="0.132" /><testcase classname="tests.evals.test_contract_evals" name="test_runtime_contract_regression[approval_required]" time="0.155" /><testcase classname="tests.evals.test_contract_evals" name="test_runtime_contract_regression[ambiguous_instruction]" time="0.141" /><testcase classname="tests.evals.test_contract_evals" name="test_runtime_contract_regression[prompt_injection]" time="0.145" /><testcase classname="tests.evals.test_contract_evals" name="test_runtime_contract_regression[missing_required_argument]" time="0.135" /><testcase classname="tests.evals.test_contract_evals" name="test_runtime_contract_regression[impossible_request]" time="0.133" /><testcase classname="tests.evals.test_contract_evals" name="test_runtime_contract_regression[safe_refusal]" time="0.136" /><testcase classname="tests.evals.test_contract_evals" name="test_runtime_contract_regression[argument_type_violation]" time="0.135" /><testcase classname="tests.evals.test_contract_evals" name="test_runtime_contract_regression[model_forges_approval]" time="0.129" /><testcase classname="tests.failure_injection.test_process_death" name="test_real_process_exit_after_external_success" time="2.060" /><testcase classname="tests.failure_injection.test_process_death" name="test_real_process_exit_after_claim_can_be_reclaimed" time="0.792" /><testcase classname="tests.failure_injection.test_recovery" name="test_external_success_plus_failed_commit_is_reconciled_without_replay" time="0.241" /><testcase classname="tests.failure_injection.test_recovery" name="test_database_remains_down_after_effect_then_restart_recovers_durable_intent" time="0.220" /><testcase classname="tests.failure_injection.test_recovery" name="test_database_failure_before_dispatch_prevents_external_effect" time="0.309" /><testcase classname="tests.failure_injection.test_recovery" name="test_crash_after_durable_intent_never_causes_blind_write_retry[after_dispatch_commit-0]" time="0.197" /><testcase classname="tests.failure_injection.test_recovery" name="test_crash_after_durable_intent_never_causes_blind_write_retry[after_external_success-1]" time="0.213" /><testcase classname="tests.failure_injection.test_recovery" name="test_read_tool_can_retry_after_crash_with_same_operation_identity" time="0.211" /><testcase classname="tests.failure_injection.test_recovery" name="test_any_uncertain_dispatched_write_requires_reconciliation[timeout]" time="0.205" /><testcase classname="tests.failure_injection.test_recovery" name="test_any_uncertain_dispatched_write_requires_reconciliation[malformed]" time="0.193" /><testcase classname="tests.failure_injection.test_recovery" name="test_any_uncertain_dispatched_write_requires_reconciliation[500]" time="0.192" /><testcase classname="tests.failure_injection.test_recovery" name="test_any_uncertain_dispatched_write_requires_reconciliation[429]" time="0.196" /><testcase classname="tests.failure_injection.test_recovery" name="test_any_uncertain_dispatched_write_requires_reconciliation[400]" time="0.194" /><testcase classname="tests.failure_injection.test_recovery" name="test_malformed_model_never_reaches_tool" time="0.123" /><testcase classname="tests.failure_injection.test_recovery" name="test_cancelled_worker_leaves_recoverable_intent" time="0.172" /><testcase classname="tests.integration.test_runtime" name="test_read_tool_then_final_answer" time="0.196" /><testcase classname="tests.integration.test_runtime" name="test_request_identity_replays_and_rejects_conflicts" time="0.108" /><testcase classname="tests.integration.test_runtime" name="test_approval_is_persistent_and_required" time="0.235" /><testcase classname="tests.integration.test_runtime" name="test_approval_denial_is_terminal" time="0.166" /><testcase classname="tests.integration.test_runtime" name="test_approved_action_cannot_mutate_or_outlive_approval[payload]" time="0.188" /><testcase classname="tests.integration.test_runtime" name="test_approved_action_cannot_mutate_or_outlive_approval[expired]" time="0.188" /><testcase classname="tests.integration.test_runtime" name="test_approved_action_cannot_mutate_or_outlive_approval[policy]" time="0.319" /><testcase classname="tests.integration.test_runtime" name="test_forged_or_repeated_approval_rejected" time="0.164" /><testcase classname="tests.integration.test_runtime" name="test_untrusted_model_cannot_bypass_policy[shell-args0-unknown_tool]" time="0.134" /><testcase classname="tests.integration.test_runtime" name="test_untrusted_model_cannot_bypass_policy[lookup_customer-args1-tool_arguments_invalid]" time="0.134" /><testcase classname="tests.integration.test_runtime" name="test_untrusted_model_cannot_bypass_policy[lookup_customer-args2-tool_arguments_invalid]" time="0.135" /><testcase classname="tests.integration.test_runtime" name="test_missing_tool_credentials_fail_before_proposal" time="0.132" /><testcase classname="tests.integration.test_runtime" name="test_missing_model_credentials_cannot_succeed" time="0.122" /><testcase classname="tests.integration.test_runtime" name="test_retry_is_persisted_and_honors_retry_after" time="0.168" /><testcase classname="tests.integration.test_runtime" name="test_retry_budget_exhaustion" time="0.217" /><testcase classname="tests.integration.test_runtime" name="test_token_budget_blocks_tool_dispatch" time="0.132" /><testcase classname="tests.integration.test_runtime" name="test_step_budget_survives_multiple_workers" time="0.184" /><testcase classname="tests.integration.test_runtime" name="test_repeated_action_is_denied_even_on_new_model_turn" time="0.193" /><testcase classname="tests.integration.test_runtime" name="test_cancel_and_history_pagination" time="0.112" /><testcase classname="tests.integration.test_runtime" name="test_database_constraints_reject_invalid_terminal_state" time="0.095" /><testcase classname="tests.integration.test_schema" name="test_database_rejects_invalid_execution_state[state = 'SUCCEEDED', outcome = 'null'::jsonb]" time="0.098" /><testcase classname="tests.integration.test_schema" name="test_database_rejects_invalid_execution_state[state = 'FAILED_PERMANENT', outcome = '[]'::jsonb]" time="0.099" /><testcase classname="tests.integration.test_schema" name="test_database_rejects_invalid_execution_state[state = 'RUNNING']" time="0.104" /><testcase classname="tests.integration.test_schema" name="test_database_rejects_incomplete_action_and_approval" time="0.150" /><testcase classname="tests.security.test_boundaries" name="test_signature_binds_timestamp_nonce_and_exact_bytes" time="0.003" /><testcase classname="tests.security.test_boundaries" name="test_old_or_far_future_webhook_rejected[-301]" time="0.002" /><testcase classname="tests.security.test_boundaries" name="test_old_or_far_future_webhook_rejected[301]" time="0.001" /><testcase classname="tests.security.test_boundaries" name="test_missing_or_incorrect_credentials_rejected" time="0.003" /><testcase classname="tests.security.test_boundaries" name="test_prompt_cannot_self_authorize_protected_tool" time="0.135" /><testcase classname="tests.security.test_boundaries" name="test_webhook_replay_receipt_is_persisted" time="0.145" /><testcase classname="tests.security.test_boundaries" name="test_approval_credential_is_separate_from_execution_credential" time="0.188" /><testcase classname="tests.security.test_boundaries" name="test_api_errors_do_not_echo_sensitive_inputs" time="0.100" /><testcase classname="tests.security.test_boundaries" name="test_chunked_request_limit" time="0.093" /><testcase classname="tests.security.test_boundaries" name="test_ingress_rate_limit" time="0.098" /><testcase classname="tests.security.test_boundaries" name="test_concurrent_webhook_replay_and_receipt_rollback" time="0.416" /><testcase classname="tests.unit.test_invariants" name="test_state_graph_has_no_implicit_edges[CREATED-CREATED]" time="0.002" /><testcase classname="tests.unit.test_invariants" name="test_state_graph_has_no_implicit_edges[CREATED-RUNNING]" time="0.001" /><testcase classname="tests.unit.test_invariants" name="test_state_graph_has_no_implicit_edges[CREATED-WAITING_FOR_APPROVAL]" time="0.001" /><testcase classname="tests.unit.test_invariants" name="test_state_graph_has_no_implicit_edges[CREATED-TOOL_EXECUTING]" time="0.001" /><testcase classname="tests.unit.test_invariants" name="test_state_graph_has_no_implicit_edges[CREATED-RETRY_PENDING]" time="0.001" /><testcase classname="tests.unit.test_invariants" name="test_state_graph_has_no_implicit_edges[CREATED-RECONCILIATION_REQUIRED]" time="0.001" /><testcase classname="tests.unit.test_invariants" name="test_state_graph_has_no_implicit_edges[CREATED-SUCCEEDED]" time="0.001" /><testcase classname="tests.unit.test_invariants" name="test_state_graph_has_no_implicit_edges[CREATED-FAILED_PERMANENT]" time="0.001" /><testcase classname="tests.unit.test_invariants" name="test_state_graph_has_no_implicit_edges[CREATED-CANCELLED]" time="0.001" /><testcase classname="tests.unit.test_invariants" name="test_state_graph_has_no_implicit_edges[RUNNING-CREATED]" time="0.001" /><testcase classname="tests.unit.test_invariants" name="test_state_graph_has_no_implicit_edges[RUNNING-RUNNING]" time="0.001" /><testcase classname="tests.unit.test_invariants" name="test_state_graph_has_no_implicit_edges[RUNNING-WAITING_FOR_APPROVAL]" time="0.001" /><testcase classname="tests.unit.test_invariants" name="test_state_graph_has_no_implicit_edges[RUNNING-TOOL_EXECUTING]" time="0.001" /><testcase classname="tests.unit.test_invariants" name="test_state_graph_has_no_implicit_edges[RUNNING-RETRY_PENDING]" time="0.001" /><testcase classname="tests.unit.test_invariants" name="test_state_graph_has_no_implicit_edges[RUNNING-RECONCILIATION_REQUIRED]" time="0.001" /><testcase classname="tests.unit.test_invariants" name="test_state_graph_has_no_implicit_edges[RUNNING-SUCCEEDED]" time="0.001" /><testcase classname="tests.unit.test_invariants" name="test_state_graph_has_no_implicit_edges[RUNNING-FAILED_PERMANENT]" time="0.001" /><testcase classname="tests.unit.test_invariants" name="test_state_graph_has_no_implicit_edges[RUNNING-CANCELLED]" time="0.001" /><testcase classname="tests.unit.test_invariants" name="test_state_graph_has_no_implicit_edges[WAITING_FOR_APPROVAL-CREATED]" time="0.001" /><testcase classname="tests.unit.test_invariants" name="test_state_graph_has_no_implicit_edges[WAITING_FOR_APPROVAL-RUNNING]" time="0.001" /><testcase classname="tests.unit.test_invariants" name="test_state_graph_has_no_implicit_edges[WAITING_FOR_APPROVAL-WAITING_FOR_APPROVAL]" time="0.001" /><testcase classname="tests.unit.test_invariants" name="test_state_graph_has_no_implicit_edges[WAITING_FOR_APPROVAL-TOOL_EXECUTING]" time="0.001" /><testcase classname="tests.unit.test_invariants" name="test_state_graph_has_no_implicit_edges[WAITING_FOR_APPROVAL-RETRY_PENDING]" time="0.001" /><testcase classname="tests.unit.test_invariants" name="test_state_graph_has_no_implicit_edges[WAITING_FOR_APPROVAL-RECONCILIATION_REQUIRED]" time="0.001" /><testcase classname="tests.unit.test_invariants" name="test_state_graph_has_no_implicit_edges[WAITING_FOR_APPROVAL-SUCCEEDED]" time="0.001" /><testcase classname="tests.unit.test_invariants" name="test_state_graph_has_no_implicit_edges[WAITING_FOR_APPROVAL-FAILED_PERMANENT]" time="0.001" /><testcase classname="tests.unit.test_invariants" name="test_state_graph_has_no_implicit_edges[WAITING_FOR_APPROVAL-CANCELLED]" time="0.001" /><testcase classname="tests.unit.test_invariants" name="test_state_graph_has_no_implicit_edges[TOOL_EXECUTING-CREATED]" time="0.001" /><testcase classname="tests.unit.test_invariants" name="test_state_graph_has_no_implicit_edges[TOOL_EXECUTING-RUNNING]" time="0.001" /><testcase classname="tests.unit.test_invariants" name="test_state_graph_has_no_implicit_edges[TOOL_EXECUTING-WAITING_FOR_APPROVAL]" time="0.001" /><testcase classname="tests.unit.test_invariants" name="test_state_graph_has_no_implicit_edges[TOOL_EXECUTING-TOOL_EXECUTING]" time="0.001" /><testcase classname="tests.unit.test_invariants" name="test_state_graph_has_no_implicit_edges[TOOL_EXECUTING-RETRY_PENDING]" time="0.001" /><testcase classname="tests.unit.test_invariants" name="test_state_graph_has_no_implicit_edges[TOOL_EXECUTING-RECONCILIATION_REQUIRED]" time="0.003" /><testcase classname="tests.unit.test_invariants" name="test_state_graph_has_no_implicit_edges[TOOL_EXECUTING-SUCCEEDED]" time="0.001" /><testcase classname="tests.unit.test_invariants" name="test_state_graph_has_no_implicit_edges[TOOL_EXECUTING-FAILED_PERMANENT]" time="0.001" /><testcase classname="tests.unit.test_invariants" name="test_state_graph_has_no_implicit_edges[TOOL_EXECUTING-CANCELLED]" time="0.001" /><testcase classname="tests.unit.test_invariants" name="test_state_graph_has_no_implicit_edges[RETRY_PENDING-CREATED]" time="0.001" /><testcase classname="tests.unit.test_invariants" name="test_state_graph_has_no_implicit_edges[RETRY_PENDING-RUNNING]" time="0.001" /><testcase classname="tests.unit.test_invariants" name="test_state_graph_has_no_implicit_edges[RETRY_PENDING-WAITING_FOR_APPROVAL]" time="0.001" /><testcase classname="tests.unit.test_invariants" name="test_state_graph_has_no_implicit_edges[RETRY_PENDING-TOOL_EXECUTING]" time="0.001" /><testcase classname="tests.unit.test_invariants" name="test_state_graph_has_no_implicit_edges[RETRY_PENDING-RETRY_PENDING]" time="0.001" /><testcase classname="tests.unit.test_invariants" name="test_state_graph_has_no_implicit_edges[RETRY_PENDING-RECONCILIATION_REQUIRED]" time="0.001" /><testcase classname="tests.unit.test_invariants" name="test_state_graph_has_no_implicit_edges[RETRY_PENDING-SUCCEEDED]" time="0.001" /><testcase classname="tests.unit.test_invariants" name="test_state_graph_has_no_implicit_edges[RETRY_PENDING-FAILED_PERMANENT]" time="0.001" /><testcase classname="tests.unit.test_invariants" name="test_state_graph_has_no_implicit_edges[RETRY_PENDING-CANCELLED]" time="0.001" /><testcase classname="tests.unit.test_invariants" name="test_state_graph_has_no_implicit_edges[RECONCILIATION_REQUIRED-CREATED]" time="0.001" /><testcase classname="tests.unit.test_invariants" name="test_state_graph_has_no_implicit_edges[RECONCILIATION_REQUIRED-RUNNING]" time="0.001" /><testcase classname="tests.unit.test_invariants" name="test_state_graph_has_no_implicit_edges[RECONCILIATION_REQUIRED-WAITING_FOR_APPROVAL]" time="0.001" /><testcase classname="tests.unit.test_invariants" name="test_state_graph_has_no_implicit_edges[RECONCILIATION_REQUIRED-TOOL_EXECUTING]" time="0.001" /><testcase classname="tests.unit.test_invariants" name="test_state_graph_has_no_implicit_edges[RECONCILIATION_REQUIRED-RETRY_PENDING]" time="0.001" /><testcase classname="tests.unit.test_invariants" name="test_state_graph_has_no_implicit_edges[RECONCILIATION_REQUIRED-RECONCILIATION_REQUIRED]" time="0.001" /><testcase classname="tests.unit.test_invariants" name="test_state_graph_has_no_implicit_edges[RECONCILIATION_REQUIRED-SUCCEEDED]" time="0.001" /><testcase classname="tests.unit.test_invariants" name="test_state_graph_has_no_implicit_edges[RECONCILIATION_REQUIRED-FAILED_PERMANENT]" time="0.001" /><testcase classname="tests.unit.test_invariants" name="test_state_graph_has_no_implicit_edges[RECONCILIATION_REQUIRED-CANCELLED]" time="0.001" /><testcase classname="tests.unit.test_invariants" name="test_state_graph_has_no_implicit_edges[SUCCEEDED-CREATED]" time="0.001" /><testcase classname="tests.unit.test_invariants" name="test_state_graph_has_no_implicit_edges[SUCCEEDED-RUNNING]" time="0.001" /><testcase classname="tests.unit.test_invariants" name="test_state_graph_has_no_implicit_edges[SUCCEEDED-WAITING_FOR_APPROVAL]" time="0.001" /><testcase classname="tests.unit.test_invariants" name="test_state_graph_has_no_implicit_edges[SUCCEEDED-TOOL_EXECUTING]" time="0.001" /><testcase classname="tests.unit.test_invariants" name="test_state_graph_has_no_implicit_edges[SUCCEEDED-RETRY_PENDING]" time="0.001" /><testcase classname="tests.unit.test_invariants" name="test_state_graph_has_no_implicit_edges[SUCCEEDED-RECONCILIATION_REQUIRED]" time="0.001" /><testcase classname="tests.unit.test_invariants" name="test_state_graph_has_no_implicit_edges[SUCCEEDED-SUCCEEDED]" time="0.001" /><testcase classname="tests.unit.test_invariants" name="test_state_graph_has_no_implicit_edges[SUCCEEDED-FAILED_PERMANENT]" time="0.001" /><testcase classname="tests.unit.test_invariants" name="test_state_graph_has_no_implicit_edges[SUCCEEDED-CANCELLED]" time="0.001" /><testcase classname="tests.unit.test_invariants" name="test_state_graph_has_no_implicit_edges[FAILED_PERMANENT-CREATED]" time="0.001" /><testcase classname="tests.unit.test_invariants" name="test_state_graph_has_no_implicit_edges[FAILED_PERMANENT-RUNNING]" time="0.156" /><testcase classname="tests.unit.test_invariants" name="test_state_graph_has_no_implicit_edges[FAILED_PERMANENT-WAITING_FOR_APPROVAL]" time="0.001" /><testcase classname="tests.unit.test_invariants" name="test_state_graph_has_no_implicit_edges[FAILED_PERMANENT-TOOL_EXECUTING]" time="0.001" /><testcase classname="tests.unit.test_invariants" name="test_state_graph_has_no_implicit_edges[FAILED_PERMANENT-RETRY_PENDING]" time="0.001" /><testcase classname="tests.unit.test_invariants" name="test_state_graph_has_no_implicit_edges[FAILED_PERMANENT-RECONCILIATION_REQUIRED]" time="0.001" /><testcase classname="tests.unit.test_invariants" name="test_state_graph_has_no_implicit_edges[FAILED_PERMANENT-SUCCEEDED]" time="0.001" /><testcase classname="tests.unit.test_invariants" name="test_state_graph_has_no_implicit_edges[FAILED_PERMANENT-FAILED_PERMANENT]" time="0.001" /><testcase classname="tests.unit.test_invariants" name="test_state_graph_has_no_implicit_edges[FAILED_PERMANENT-CANCELLED]" time="0.001" /><testcase classname="tests.unit.test_invariants" name="test_state_graph_has_no_implicit_edges[CANCELLED-CREATED]" time="0.001" /><testcase classname="tests.unit.test_invariants" name="test_state_graph_has_no_implicit_edges[CANCELLED-RUNNING]" time="0.001" /><testcase classname="tests.unit.test_invariants" name="test_state_graph_has_no_implicit_edges[CANCELLED-WAITING_FOR_APPROVAL]" time="0.001" /><testcase classname="tests.unit.test_invariants" name="test_state_graph_has_no_implicit_edges[CANCELLED-TOOL_EXECUTING]" time="0.001" /><testcase classname="tests.unit.test_invariants" name="test_state_graph_has_no_implicit_edges[CANCELLED-RETRY_PENDING]" time="0.001" /><testcase classname="tests.unit.test_invariants" name="test_state_graph_has_no_implicit_edges[CANCELLED-RECONCILIATION_REQUIRED]" time="0.001" /><testcase classname="tests.unit.test_invariants" name="test_state_graph_has_no_implicit_edges[CANCELLED-SUCCEEDED]" time="0.001" /><testcase classname="tests.unit.test_invariants" name="test_state_graph_has_no_implicit_edges[CANCELLED-FAILED_PERMANENT]" time="0.001" /><testcase classname="tests.unit.test_invariants" name="test_state_graph_has_no_implicit_edges[CANCELLED-CANCELLED]" time="0.001" /><testcase classname="tests.unit.test_invariants" name="test_terminal_state_cannot_be_reactivated" time="0.224" /><testcase classname="tests.unit.test_invariants" name="test_fingerprint_is_independent_of_key_order" time="3.247" /><testcase classname="tests.unit.test_invariants" name="test_action_fingerprint_binds_policy_and_payload" time="0.001" /><testcase classname="tests.unit.test_invariants" name="test_failure_classification[400-provider_invalid_request-False]" time="0.001" /><testcase classname="tests.unit.test_invariants" name="test_failure_classification[401-provider_authorization-False]" time="0.001" /><testcase classname="tests.unit.test_invariants" name="test_failure_classification[403-provider_authorization-False]" time="0.001" /><testcase classname="tests.unit.test_invariants" name="test_failure_classification[429-rate_limited-True]" time="0.001" /><testcase classname="tests.unit.test_invariants" name="test_failure_classification[500-provider_unavailable-True]" time="0.001" /><testcase classname="tests.unit.test_invariants" name="test_failure_classification[503-provider_unavailable-True]" time="0.001" /><testcase classname="tests.unit.test_invariants" name="test_failure_classification[302-provider_redirect_denied-False]" time="0.001" /><testcase classname="tests.unit.test_invariants" name="test_failure_classification[408-provider_unavailable-True]" time="0.001" /><testcase classname="tests.unit.test_invariants" name="test_retry_after[None-None]" time="0.001" /><testcase classname="tests.unit.test_invariants" name="test_retry_after[oops-None]" time="0.001" /><testcase classname="tests.unit.test_invariants" name="test_retry_after[NaN-None]" time="0.001" /><testcase classname="tests.unit.test_invariants" name="test_retry_after[Infinity-None]" time="0.001" /><testcase classname="tests.unit.test_invariants" name="test_retry_after[-1-0]" time="0.001" /><testcase classname="tests.unit.test_invariants" name="test_retry_after[9-9]" time="0.001" /><testcase classname="tests.unit.test_invariants" name="test_retry_after[Thu, 01 Jan 2026 00:00:10 GMT-10]" time="0.001" /><testcase classname="tests.unit.test_invariants" name="test_backoff_honors_provider_minimum_and_is_bounded" time="0.001" /><testcase classname="tests.unit.test_invariants" name="test_malformed_decisions_are_rejected[payload0]" time="0.001" /><testcase classname="tests.unit.test_invariants" name="test_malformed_decisions_are_rejected[payload1]" time="0.001" /><testcase classname="tests.unit.test_invariants" name="test_malformed_decisions_are_rejected[payload2]" time="0.001" /><testcase classname="tests.unit.test_invariants" name="test_malformed_decisions_are_rejected[payload3]" time="0.001" /><testcase classname="tests.unit.test_invariants" name="test_malformed_decisions_are_rejected[payload4]" time="0.001" /><testcase classname="tests.unit.test_invariants" name="test_malformed_decisions_are_rejected[payload5]" time="0.001" /><testcase classname="tests.unit.test_invariants" name="test_unknown_and_unauthorized_tools_fail_closed" time="0.002" /><testcase classname="tests.unit.test_invariants" name="test_tool_schema_blocks_extra_fields_path_injection_and_coercion[arguments0]" time="0.002" /><testcase classname="tests.unit.test_invariants" name="test_tool_schema_blocks_extra_fields_path_injection_and_coercion[arguments1]" time="0.001" /><testcase classname="tests.unit.test_invariants" name="test_tool_schema_blocks_extra_fields_path_injection_and_coercion[arguments2]" time="0.001" /><testcase classname="tests.unit.test_invariants" name="test_normal_logging_discards_payloads_and_exception_messages" time="0.001" /><testcase classname="tests.unit.test_invariants" name="test_unsafe_configuration_rejected[kwargs0]" time="0.004" /><testcase classname="tests.unit.test_invariants" name="test_unsafe_configuration_rejected[kwargs1]" time="0.004" /><testcase classname="tests.unit.test_invariants" name="test_unsafe_configuration_rejected[kwargs2]" time="0.004" /><testcase classname="tests.unit.test_invariants" name="test_unsafe_configuration_rejected[kwargs3]" time="0.004" /><testcase classname="tests.unit.test_invariants" name="test_tool_endpoint_preflight[http://169.254.169.254]" time="0.004" /><testcase classname="tests.unit.test_invariants" name="test_tool_endpoint_preflight[file:///etc/passwd]" time="0.004" /><testcase classname="tests.unit.test_invariants" name="test_tool_endpoint_preflight[https://user:password@example.com]" time="0.004" /><testcase classname="tests.unit.test_invariants" name="test_tool_endpoint_preflight[https://example.com/?token=secret]" time="0.004" /></testsuite></testsuites>